hellow
PS C:\Users\rishang yadav\Desktop\Hitbullseye_lpu> git init
Reinitialized existing Git repository in C:/Users/rishang yadav/Desktop/Hitbullseye_lpu/.git/
PS C:\Users\rishang yadav\Desktop\Hitbullseye_lpu> git status
On branch master

Untracked files:
  (use "git add <file>..." to include in what will be committed)
        text.txt

nothing added to commit but untracked files present (use "git add" to track)
PS C:\Users\rishang yadav\Desktop\Hitbullseye_lpu> git add .
PS C:\Users\rishang yadav\Desktop\Hitbullseye_lpu> git commit -m "my message"
 1 file changed, 0 insertions(+), 0 deletions(-)
 create mode 100644 text.txt
PS C:\Users\rishang yadav\Desktop\Hitbullseye_lpu> git remote add origin git@github.com:Rishang-yadav/Hitbullseye_lpu.git
error: remote origin already exists.
PS C:\Users\rishang yadav\Desktop\Hitbullseye_lpu> git push
Enumerating objects: 3, done.
Counting objects: 100% (3/3), done.
Delta compression using up to 2 threads
Compressing objects: 100% (2/2), done.
Writing objects: 100% (2/2), 252 bytes | 63.00 KiB/s, done.
Total 2 (delta 0), reused 0 (delta 0), pack-reused 0
To github.com:Rishang-yadav/Hitbullseye_lpu.git
   14bd886..a51a6b7  master -> master
PS C:\Users\rishang yadav\Desktop\Hitbullseye_lpu> git push --set-upstream origin master
Everything up-to-date
branch 'master' set up to track 'origin/master'.
PS C:\Users\rishang yadav\Desktop\Hitbullseye_lpu>